C:/Users/Wagner/Desktop/PROJETOS SE - UPE/Projeto_I2C/Core/Src/main.c:110:5:main	8	static
C:/Users/Wagner/Desktop/PROJETOS SE - UPE/Projeto_I2C/Core/Src/main.c:160:6:ExecuteProgram	8	static
C:/Users/Wagner/Desktop/PROJETOS SE - UPE/Projeto_I2C/Core/Src/main.c:177:6:Read_LDR	24	static
C:/Users/Wagner/Desktop/PROJETOS SE - UPE/Projeto_I2C/Core/Src/main.c:195:6:Read_Temp	24	static
C:/Users/Wagner/Desktop/PROJETOS SE - UPE/Projeto_I2C/Core/Src/main.c:212:6:Read_Pot	24	static
C:/Users/Wagner/Desktop/PROJETOS SE - UPE/Projeto_I2C/Core/Src/main.c:228:6:Write_DAC	24	static
C:/Users/Wagner/Desktop/PROJETOS SE - UPE/Projeto_I2C/Core/Src/main.c:253:6:SystemClock_Config	120	static
C:/Users/Wagner/Desktop/PROJETOS SE - UPE/Projeto_I2C/Core/Src/main.c:314:13:MX_ETH_Init	8	static
C:/Users/Wagner/Desktop/PROJETOS SE - UPE/Projeto_I2C/Core/Src/main.c:363:13:MX_I2C1_Init	8	static
C:/Users/Wagner/Desktop/PROJETOS SE - UPE/Projeto_I2C/Core/Src/main.c:411:13:MX_USART3_UART_Init	8	static
C:/Users/Wagner/Desktop/PROJETOS SE - UPE/Projeto_I2C/Core/Src/main.c:459:13:MX_USB_OTG_FS_PCD_Init	8	static
C:/Users/Wagner/Desktop/PROJETOS SE - UPE/Projeto_I2C/Core/Src/main.c:495:13:MX_GPIO_Init	56	static
C:/Users/Wagner/Desktop/PROJETOS SE - UPE/Projeto_I2C/Core/Src/main.c:559:9:PCF8591_ReadAnalog	32	static
C:/Users/Wagner/Desktop/PROJETOS SE - UPE/Projeto_I2C/Core/Src/main.c:574:6:HAL_UART_RxCpltCallback	16	static
C:/Users/Wagner/Desktop/PROJETOS SE - UPE/Projeto_I2C/Core/Src/main.c:597:6:Error_Handler	4	static,ignoring_inline_asm
