C:/Users/Wagner/Desktop/PROJETOS SE - UPE/Projeto_I2C/Core/Src/main.c:103:5:main	8	static
C:/Users/Wagner/Desktop/PROJETOS SE - UPE/Projeto_I2C/Core/Src/main.c:153:6:ExecuteProgram	8	static
C:/Users/Wagner/Desktop/PROJETOS SE - UPE/Projeto_I2C/Core/Src/main.c:170:6:Read_LDR	24	static
C:/Users/Wagner/Desktop/PROJETOS SE - UPE/Projeto_I2C/Core/Src/main.c:188:6:Read_Temp	24	static
C:/Users/Wagner/Desktop/PROJETOS SE - UPE/Projeto_I2C/Core/Src/main.c:205:6:Read_Pot	24	static
C:/Users/Wagner/Desktop/PROJETOS SE - UPE/Projeto_I2C/Core/Src/main.c:221:6:Write_DAC	4	static
C:/Users/Wagner/Desktop/PROJETOS SE - UPE/Projeto_I2C/Core/Src/main.c:231:6:SystemClock_Config	120	static
C:/Users/Wagner/Desktop/PROJETOS SE - UPE/Projeto_I2C/Core/Src/main.c:292:13:MX_ETH_Init	8	static
C:/Users/Wagner/Desktop/PROJETOS SE - UPE/Projeto_I2C/Core/Src/main.c:341:13:MX_I2C1_Init	8	static
C:/Users/Wagner/Desktop/PROJETOS SE - UPE/Projeto_I2C/Core/Src/main.c:389:13:MX_USART3_UART_Init	8	static
C:/Users/Wagner/Desktop/PROJETOS SE - UPE/Projeto_I2C/Core/Src/main.c:437:13:MX_USB_OTG_FS_PCD_Init	8	static
C:/Users/Wagner/Desktop/PROJETOS SE - UPE/Projeto_I2C/Core/Src/main.c:473:13:MX_GPIO_Init	56	static
C:/Users/Wagner/Desktop/PROJETOS SE - UPE/Projeto_I2C/Core/Src/main.c:537:9:PCF8591_ReadAnalog	32	static
C:/Users/Wagner/Desktop/PROJETOS SE - UPE/Projeto_I2C/Core/Src/main.c:552:6:HAL_UART_RxCpltCallback	16	static
C:/Users/Wagner/Desktop/PROJETOS SE - UPE/Projeto_I2C/Core/Src/main.c:575:6:Error_Handler	4	static,ignoring_inline_asm
